// Jest Snapshot v1, https://goo.gl/fbAQLP

exports[`Header component should render properly 1`] = `
<div
  className="header"
>
  <div
    className="left"
  >
    <h2
      className="header-title"
    >
      The Movie DB
    </h2>
  </div>
  <div
    className="right"
  >
    <Search />
  </div>
</div>
`;
